2026-09-04T07:14:34+00:00 INFO    [event=application.started] IPTV-API 版本: 3.0.0 (构建时间: 2026-08-07 11:45:59)
2026-09-04T07:14:34+00:00 INFO    [phase=prepare event=network.ipv6.checking] 🛜 正在检查当前网络是否支持IPv6...
2026-09-04T07:14:34+00:00 WARNING [phase=prepare event=network.ipv6.unsupported] 当前网络不支持IPv6，别担心，IPv6的结果会被保存下来
2026-09-04T07:14:34+00:00 INFO    [run=44c5b804ae77435a8187784f6f6952fd phase=prepare event=run.started] 性能模式: auto → balance，可用资源: 4.0 CPU / 15.61 GB，并发: 测速 8、媒体探测 2、源抓取 8
2026-09-04T07:14:34+00:00 INFO    [run=44c5b804ae77435a8187784f6f6952fd phase=prepare event=channels.catalog_loaded] 频道目录已加载：白名单 0，黑名单 2，台标 21
2026-09-04T07:14:34+00:00 INFO    [run=44c5b804ae77435a8187784f6f6952fd phase=fetch event=sources.subscribe.summary] 订阅源数量：0，订阅白名单数量：0，停用地址数量：0，有效总数量：0
2026-09-04T07:14:34+00:00 WARNING [run=44c5b804ae77435a8187784f6f6952fd phase=fetch event=sources.subscribe.empty] 没有找到有效的订阅地址，请检查文件：config/subscribe.txt，需要添加订阅地址后才能获取订阅源！
2026-09-04T07:14:34+00:00 INFO    [run=44c5b804ae77435a8187784f6f6952fd phase=fetch event=sources.epg.summary] EPG源数量：1，EPG白名单数量：0，停用地址数量：0，有效总数量：1
2026-09-04T07:14:34+00:00 INFO    [run=44c5b804ae77435a8187784f6f6952fd phase=fetch event=progress.started] 正在进行获取EPG源  0/1
2026-09-04T07:14:35+00:00 INFO    [run=44c5b804ae77435a8187784f6f6952fd phase=fetch event=epg.source_parsed] EPG 源解析完成：http://e.erw.cc/e.xml.gz，保留节目 2421 条
2026-09-04T07:14:35+00:00 INFO    [run=44c5b804ae77435a8187784f6f6952fd phase=fetch event=progress.updated] 正在进行获取EPG源  1/1 (100%)  剩余 0
2026-09-04T07:14:35+00:00 INFO    [run=44c5b804ae77435a8187784f6f6952fd phase=fetch event=sources.epg.finished] EPG源: ✅ 有效地址数量：1，⛔ 停用地址数量：0
2026-09-04T07:14:35+00:00 INFO    [run=44c5b804ae77435a8187784f6f6952fd phase=fetch event=progress.finished] 正在进行获取EPG源  1/1  匹配 63 个频道
2026-09-04T07:14:39+00:00 INFO    [run=44c5b804ae77435a8187784f6f6952fd phase=aggregate event=channels.aggregated] 频道数据聚合完成：72 个频道，6348 个接口（IPv4 6348 / IPv6 0）
2026-09-04T07:14:39+00:00 INFO    [run=44c5b804ae77435a8187784f6f6952fd phase=speed_test event=speed_test.planned] 总接口数量: 6067, 需要进行测速的接口数量: 6067
2026-09-04T07:14:39+00:00 INFO    [run=44c5b804ae77435a8187784f6f6952fd phase=speed_test event=progress.started] 测速  0/6067
2026-09-04T07:14:42+00:00 INFO    [run=44c5b804ae77435a8187784f6f6952fd phase=speed_test event=progress.updated] 测速  1/6067 (0%)  有效 0  失败 1  CCTV-1
2026-09-04T07:15:12+00:00 INFO    [run=44c5b804ae77435a8187784f6f6952fd phase=speed_test event=progress.updated] 测速  56/6067 (0%)  有效 3  失败 53  CCTV-1
2026-09-04T07:15:43+00:00 INFO    [run=44c5b804ae77435a8187784f6f6952fd phase=speed_test event=progress.updated] 测速  100/6067 (1%)  有效 5  失败 95  CCTV-2
2026-09-04T07:16:13+00:00 INFO    [run=44c5b804ae77435a8187784f6f6952fd phase=speed_test event=progress.updated] 测速  151/6067 (2%)  有效 10  失败 141  CCTV-2
2026-09-04T07:16:44+00:00 INFO    [run=44c5b804ae77435a8187784f6f6952fd phase=speed_test event=progress.updated] 测速  201/6067 (3%)  有效 10  失败 191  CCTV-3
2026-09-04T07:17:14+00:00 INFO    [run=44c5b804ae77435a8187784f6f6952fd phase=speed_test event=progress.updated] 测速  258/6067 (4%)  有效 11  失败 247  CCTV-3
2026-09-04T07:17:45+00:00 INFO    [run=44c5b804ae77435a8187784f6f6952fd phase=speed_test event=progress.updated] 测速  314/6067 (5%)  有效 12  失败 302  CCTV-4
2026-09-04T07:18:15+00:00 INFO    [run=44c5b804ae77435a8187784f6f6952fd phase=speed_test event=progress.updated] 测速  367/6067 (6%)  有效 16  失败 351  CCTV-4
2026-09-04T07:18:46+00:00 INFO    [run=44c5b804ae77435a8187784f6f6952fd phase=speed_test event=progress.updated] 测速  416/6067 (6%)  有效 19  失败 397  CCTV-5
2026-09-04T07:19:16+00:00 INFO    [run=44c5b804ae77435a8187784f6f6952fd phase=speed_test event=progress.updated] 测速  462/6067 (7%)  有效 21  失败 441  CCTV-5
2026-09-04T07:19:47+00:00 INFO    [run=44c5b804ae77435a8187784f6f6952fd phase=speed_test event=progress.updated] 测速  515/6067 (8%)  有效 21  失败 494  CCTV-5
2026-09-04T07:20:18+00:00 INFO    [run=44c5b804ae77435a8187784f6f6952fd phase=speed_test event=progress.updated] 测速  568/6067 (9%)  有效 22  失败 546  CCTV-5+
2026-09-04T07:20:48+00:00 INFO    [run=44c5b804ae77435a8187784f6f6952fd phase=speed_test event=progress.updated] 测速  616/6067 (10%)  有效 22  失败 594  CCTV-5+
2026-09-04T07:21:20+00:00 INFO    [run=44c5b804ae77435a8187784f6f6952fd phase=speed_test event=progress.updated] 测速  666/6067 (10%)  有效 23  失败 643  CCTV-6
2026-09-04T07:21:50+00:00 INFO    [run=44c5b804ae77435a8187784f6f6952fd phase=speed_test event=progress.updated] 测速  723/6067 (11%)  有效 24  失败 699  CCTV-6
2026-09-04T07:22:21+00:00 INFO    [run=44c5b804ae77435a8187784f6f6952fd phase=speed_test event=progress.updated] 测速  773/6067 (12%)  有效 27  失败 746  CCTV-7
2026-09-04T07:22:52+00:00 INFO    [run=44c5b804ae77435a8187784f6f6952fd phase=speed_test event=progress.updated] 测速  828/6067 (13%)  有效 31  失败 797  CCTV-8
2026-09-04T07:23:22+00:00 INFO    [run=44c5b804ae77435a8187784f6f6952fd phase=speed_test event=progress.updated] 测速  873/6067 (14%)  有效 33  失败 840  CCTV-8
2026-09-04T07:23:52+00:00 INFO    [run=44c5b804ae77435a8187784f6f6952fd phase=speed_test event=progress.updated] 测速  930/6067 (15%)  有效 35  失败 895  CCTV-8
2026-09-04T07:24:23+00:00 INFO    [run=44c5b804ae77435a8187784f6f6952fd phase=speed_test event=progress.updated] 测速  982/6067 (16%)  有效 36  失败 946  CCTV-9
2026-09-04T07:24:54+00:00 INFO    [run=44c5b804ae77435a8187784f6f6952fd phase=speed_test event=progress.updated] 测速  1033/6067 (17%)  有效 36  失败 997  CCTV-9
2026-09-04T07:25:24+00:00 INFO    [run=44c5b804ae77435a8187784f6f6952fd phase=speed_test event=progress.updated] 测速  1085/6067 (17%)  有效 39  失败 1046  CCTV-9
2026-09-04T07:25:55+00:00 INFO    [run=44c5b804ae77435a8187784f6f6952fd phase=speed_test event=progress.updated] 测速  1136/6067 (18%)  有效 39  失败 1097  CCTV-10
2026-09-04T07:26:25+00:00 INFO    [run=44c5b804ae77435a8187784f6f6952fd phase=speed_test event=progress.updated] 测速  1194/6067 (19%)  有效 40  失败 1154  CCTV-10
2026-09-04T07:26:55+00:00 INFO    [run=44c5b804ae77435a8187784f6f6952fd phase=speed_test event=progress.updated] 测速  1241/6067 (20%)  有效 40  失败 1201  CCTV-11
2026-09-04T07:27:26+00:00 INFO    [run=44c5b804ae77435a8187784f6f6952fd phase=speed_test event=progress.updated] 测速  1299/6067 (21%)  有效 41  失败 1258  CCTV-11
2026-09-04T07:27:56+00:00 INFO    [run=44c5b804ae77435a8187784f6f6952fd phase=speed_test event=progress.updated] 测速  1353/6067 (22%)  有效 42  失败 1311  CCTV-11
2026-09-04T07:28:28+00:00 INFO    [run=44c5b804ae77435a8187784f6f6952fd phase=speed_test event=progress.updated] 测速  1409/6067 (23%)  有效 43  失败 1366  CCTV-12
2026-09-04T07:28:58+00:00 INFO    [run=44c5b804ae77435a8187784f6f6952fd phase=speed_test event=progress.updated] 测速  1471/6067 (24%)  有效 46  失败 1425  CCTV-12
2026-09-04T07:29:29+00:00 INFO    [run=44c5b804ae77435a8187784f6f6952fd phase=speed_test event=progress.updated] 测速  1524/6067 (25%)  有效 47  失败 1477  CCTV-13
2026-09-04T07:29:59+00:00 INFO    [run=44c5b804ae77435a8187784f6f6952fd phase=speed_test event=progress.updated] 测速  1571/6067 (25%)  有效 48  失败 1523  CCTV-13
2026-09-04T07:30:29+00:00 INFO    [run=44c5b804ae77435a8187784f6f6952fd phase=speed_test event=progress.updated] 测速  1628/6067 (26%)  有效 51  失败 1577  CCTV-13
2026-09-04T07:31:00+00:00 INFO    [run=44c5b804ae77435a8187784f6f6952fd phase=speed_test event=progress.updated] 测速  1687/6067 (27%)  有效 51  失败 1636  CCTV-14
2026-09-04T07:31:30+00:00 INFO    [run=44c5b804ae77435a8187784f6f6952fd phase=speed_test event=progress.updated] 测速  1739/6067 (28%)  有效 51  失败 1688  CCTV-14
2026-09-04T07:32:00+00:00 INFO    [run=44c5b804ae77435a8187784f6f6952fd phase=speed_test event=progress.updated] 测速  1792/6067 (29%)  有效 51  失败 1741  CCTV-15
2026-09-04T07:32:31+00:00 INFO    [run=44c5b804ae77435a8187784f6f6952fd phase=speed_test event=progress.updated] 测速  1847/6067 (30%)  有效 52  失败 1795  CCTV-15
2026-09-04T07:33:01+00:00 INFO    [run=44c5b804ae77435a8187784f6f6952fd phase=speed_test event=progress.updated] 测速  1909/6067 (31%)  有效 53  失败 1856  CCTV-16
2026-09-04T07:33:31+00:00 INFO    [run=44c5b804ae77435a8187784f6f6952fd phase=speed_test event=progress.updated] 测速  1957/6067 (32%)  有效 53  失败 1904  CCTV-17
2026-09-04T07:34:02+00:00 INFO    [run=44c5b804ae77435a8187784f6f6952fd phase=speed_test event=progress.updated] 测速  2011/6067 (33%)  有效 53  失败 1958  CETV-1
2026-09-04T07:34:33+00:00 INFO    [run=44c5b804ae77435a8187784f6f6952fd phase=speed_test event=progress.updated] 测速  2059/6067 (33%)  有效 54  失败 2005  广东卫视
2026-09-04T07:35:04+00:00 INFO    [run=44c5b804ae77435a8187784f6f6952fd phase=speed_test event=progress.updated] 测速  2116/6067 (34%)  有效 58  失败 2058  浙江卫视
2026-09-04T07:35:35+00:00 INFO    [run=44c5b804ae77435a8187784f6f6952fd phase=speed_test event=progress.updated] 测速  2167/6067 (35%)  有效 64  失败 2103  湖南卫视
2026-09-04T07:36:05+00:00 INFO    [run=44c5b804ae77435a8187784f6f6952fd phase=speed_test event=progress.updated] 测速  2225/6067 (36%)  有效 69  失败 2156  北京卫视
2026-09-04T07:36:36+00:00 INFO    [run=44c5b804ae77435a8187784f6f6952fd phase=speed_test event=progress.updated] 测速  2281/6067 (37%)  有效 75  失败 2206  湖北卫视
2026-09-04T07:37:06+00:00 INFO    [run=44c5b804ae77435a8187784f6f6952fd phase=speed_test event=progress.updated] 测速  2332/6067 (38%)  有效 77  失败 2255  湖北卫视
2026-09-04T07:37:36+00:00 INFO    [run=44c5b804ae77435a8187784f6f6952fd phase=speed_test event=progress.updated] 测速  2391/6067 (39%)  有效 77  失败 2314  湖北卫视
2026-09-04T07:38:06+00:00 INFO    [run=44c5b804ae77435a8187784f6f6952fd phase=speed_test event=progress.updated] 测速  2446/6067 (40%)  有效 78  失败 2368  黑龙江卫视
2026-09-04T07:38:37+00:00 INFO    [run=44c5b804ae77435a8187784f6f6952fd phase=speed_test event=progress.updated] 测速  2501/6067 (41%)  有效 78  失败 2423  黑龙江卫视
2026-09-04T07:39:08+00:00 INFO    [run=44c5b804ae77435a8187784f6f6952fd phase=speed_test event=progress.updated] 测速  2565/6067 (42%)  有效 78  失败 2487  安徽卫视
2026-09-04T07:39:38+00:00 INFO    [run=44c5b804ae77435a8187784f6f6952fd phase=speed_test event=progress.updated] 测速  2623/6067 (43%)  有效 78  失败 2545  安徽卫视
2026-09-04T07:40:09+00:00 INFO    [run=44c5b804ae77435a8187784f6f6952fd phase=speed_test event=progress.updated] 测速  2682/6067 (44%)  有效 78  失败 2604  重庆卫视
2026-09-04T07:40:39+00:00 INFO    [run=44c5b804ae77435a8187784f6f6952fd phase=speed_test event=progress.updated] 测速  2733/6067 (45%)  有效 82  失败 2651  重庆卫视
2026-09-04T07:41:09+00:00 INFO    [run=44c5b804ae77435a8187784f6f6952fd phase=speed_test event=progress.updated] 测速  2783/6067 (45%)  有效 84  失败 2699  东方卫视
2026-09-04T07:41:40+00:00 INFO    [run=44c5b804ae77435a8187784f6f6952fd phase=speed_test event=progress.updated] 测速  2835/6067 (46%)  有效 85  失败 2750  东方卫视
2026-09-04T07:42:10+00:00 INFO    [run=44c5b804ae77435a8187784f6f6952fd phase=speed_test event=progress.updated] 测速  2894/6067 (47%)  有效 86  失败 2808  东南卫视
2026-09-04T07:42:40+00:00 INFO    [run=44c5b804ae77435a8187784f6f6952fd phase=speed_test event=progress.updated] 测速  2946/6067 (48%)  有效 86  失败 2860  东南卫视
2026-09-04T07:43:10+00:00 INFO    [run=44c5b804ae77435a8187784f6f6952fd phase=speed_test event=progress.updated] 测速  3005/6067 (49%)  有效 86  失败 2919  甘肃卫视
2026-09-04T07:43:40+00:00 INFO    [run=44c5b804ae77435a8187784f6f6952fd phase=speed_test event=progress.updated] 测速  3061/6067 (50%)  有效 87  失败 2974  广西卫视
2026-09-04T07:44:11+00:00 INFO    [run=44c5b804ae77435a8187784f6f6952fd phase=speed_test event=progress.updated] 测速  3118/6067 (51%)  有效 87  失败 3031  广西卫视
2026-09-04T07:44:42+00:00 INFO    [run=44c5b804ae77435a8187784f6f6952fd phase=speed_test event=progress.updated] 测速  3173/6067 (52%)  有效 87  失败 3086  贵州卫视
2026-09-04T07:45:12+00:00 INFO    [run=44c5b804ae77435a8187784f6f6952fd phase=speed_test event=progress.updated] 测速  3228/6067 (53%)  有效 88  失败 3140  贵州卫视
2026-09-04T07:45:42+00:00 INFO    [run=44c5b804ae77435a8187784f6f6952fd phase=speed_test event=progress.updated] 测速  3281/6067 (54%)  有效 89  失败 3192  海南卫视
2026-09-04T07:46:12+00:00 INFO    [run=44c5b804ae77435a8187784f6f6952fd phase=speed_test event=progress.updated] 测速  3330/6067 (54%)  有效 90  失败 3240  河北卫视
2026-09-04T07:46:43+00:00 INFO    [run=44c5b804ae77435a8187784f6f6952fd phase=speed_test event=progress.updated] 测速  3380/6067 (55%)  有效 91  失败 3289  河北卫视
2026-09-04T07:47:13+00:00 INFO    [run=44c5b804ae77435a8187784f6f6952fd phase=speed_test event=progress.updated] 测速  3451/6067 (56%)  有效 92  失败 3359  河南卫视
2026-09-04T07:47:43+00:00 INFO    [run=44c5b804ae77435a8187784f6f6952fd phase=speed_test event=progress.updated] 测速  3508/6067 (57%)  有效 92  失败 3416  河南卫视
2026-09-04T07:48:14+00:00 INFO    [run=44c5b804ae77435a8187784f6f6952fd phase=speed_test event=progress.updated] 测速  3567/6067 (58%)  有效 92  失败 3475  吉林卫视
2026-09-04T07:48:44+00:00 INFO    [run=44c5b804ae77435a8187784f6f6952fd phase=speed_test event=progress.updated] 测速  3621/6067 (59%)  有效 94  失败 3527  吉林卫视
2026-09-04T07:49:15+00:00 INFO    [run=44c5b804ae77435a8187784f6f6952fd phase=speed_test event=progress.updated] 测速  3678/6067 (60%)  有效 98  失败 3580  江苏卫视
2026-09-04T07:49:45+00:00 INFO    [run=44c5b804ae77435a8187784f6f6952fd phase=speed_test event=progress.updated] 测速  3732/6067 (61%)  有效 99  失败 3633  江西卫视
2026-09-04T07:50:15+00:00 INFO    [run=44c5b804ae77435a8187784f6f6952fd phase=speed_test event=progress.updated] 测速  3788/6067 (62%)  有效 100  失败 3688  江西卫视
2026-09-04T07:50:47+00:00 INFO    [run=44c5b804ae77435a8187784f6f6952fd phase=speed_test event=progress.updated] 测速  3841/6067 (63%)  有效 101  失败 3740  江西卫视
2026-09-04T07:51:17+00:00 INFO    [run=44c5b804ae77435a8187784f6f6952fd phase=speed_test event=progress.updated] 测速  3895/6067 (64%)  有效 102  失败 3793  辽宁卫视
2026-09-04T07:51:47+00:00 INFO    [run=44c5b804ae77435a8187784f6f6952fd phase=speed_test event=progress.updated] 测速  3950/6067 (65%)  有效 106  失败 3844  内蒙古卫视
2026-09-04T07:52:17+00:00 INFO    [run=44c5b804ae77435a8187784f6f6952fd phase=speed_test event=progress.updated] 测速  4006/6067 (66%)  有效 106  失败 3900  内蒙古卫视
2026-09-04T07:52:47+00:00 INFO    [run=44c5b804ae77435a8187784f6f6952fd phase=speed_test event=progress.updated] 测速  4054/6067 (66%)  有效 106  失败 3948  宁夏卫视
2026-09-04T07:53:18+00:00 INFO    [run=44c5b804ae77435a8187784f6f6952fd phase=speed_test event=progress.updated] 测速  4110/6067 (67%)  有效 107  失败 4003  青海卫视
2026-09-04T07:53:49+00:00 INFO    [run=44c5b804ae77435a8187784f6f6952fd phase=speed_test event=progress.updated] 测速  4169/6067 (68%)  有效 107  失败 4062  山东卫视
2026-09-04T07:54:19+00:00 INFO    [run=44c5b804ae77435a8187784f6f6952fd phase=speed_test event=progress.updated] 测速  4221/6067 (69%)  有效 111  失败 4110  山东卫视
2026-09-04T07:54:49+00:00 INFO    [run=44c5b804ae77435a8187784f6f6952fd phase=speed_test event=progress.updated] 测速  4276/6067 (70%)  有效 112  失败 4164  山西卫视
2026-09-04T07:55:20+00:00 INFO    [run=44c5b804ae77435a8187784f6f6952fd phase=speed_test event=progress.updated] 测速  4325/6067 (71%)  有效 113  失败 4212  山西卫视
2026-09-04T07:55:50+00:00 INFO    [run=44c5b804ae77435a8187784f6f6952fd phase=speed_test event=progress.updated] 测速  4377/6067 (72%)  有效 113  失败 4264  陕西卫视
2026-09-04T07:56:20+00:00 INFO    [run=44c5b804ae77435a8187784f6f6952fd phase=speed_test event=progress.updated] 测速  4430/6067 (73%)  有效 113  失败 4317  陕西卫视
2026-09-04T07:56:51+00:00 INFO    [run=44c5b804ae77435a8187784f6f6952fd phase=speed_test event=progress.updated] 测速  4488/6067 (73%)  有效 118  失败 4370  四川卫视
2026-09-04T07:57:22+00:00 INFO    [run=44c5b804ae77435a8187784f6f6952fd phase=speed_test event=progress.updated] 测速  4546/6067 (74%)  有效 118  失败 4428  四川卫视
2026-09-04T07:57:52+00:00 INFO    [run=44c5b804ae77435a8187784f6f6952fd phase=speed_test event=progress.updated] 测速  4602/6067 (75%)  有效 119  失败 4483  深圳卫视
2026-09-04T07:58:22+00:00 INFO    [run=44c5b804ae77435a8187784f6f6952fd phase=speed_test event=progress.updated] 测速  4651/6067 (76%)  有效 123  失败 4528  深圳卫视
2026-09-04T07:58:52+00:00 INFO    [run=44c5b804ae77435a8187784f6f6952fd phase=speed_test event=progress.updated] 测速  4698/6067 (77%)  有效 127  失败 4571  天津卫视
2026-09-04T07:59:23+00:00 INFO    [run=44c5b804ae77435a8187784f6f6952fd phase=speed_test event=progress.updated] 测速  4750/6067 (78%)  有效 128  失败 4622  西藏卫视
2026-09-04T07:59:54+00:00 INFO    [run=44c5b804ae77435a8187784f6f6952fd phase=speed_test event=progress.updated] 测速  4806/6067 (79%)  有效 129  失败 4677  新疆卫视
2026-09-04T08:00:24+00:00 INFO    [run=44c5b804ae77435a8187784f6f6952fd phase=speed_test event=progress.updated] 测速  4861/6067 (80%)  有效 129  失败 4732  云南卫视
2026-09-04T08:00:55+00:00 INFO    [run=44c5b804ae77435a8187784f6f6952fd phase=speed_test event=progress.updated] 测速  4914/6067 (80%)  有效 130  失败 4784  云南卫视
2026-09-04T08:01:25+00:00 INFO    [run=44c5b804ae77435a8187784f6f6952fd phase=speed_test event=progress.updated] 测速  4970/6067 (81%)  有效 130  失败 4840  广东珠江
2026-09-04T08:01:57+00:00 INFO    [run=44c5b804ae77435a8187784f6f6952fd phase=speed_test event=progress.updated] 测速  5024/6067 (82%)  有效 131  失败 4893  广东体育
2026-09-04T08:02:24+00:00 INFO    [run=44c5b804ae77435a8187784f6f6952fd phase=speed_test event=speed_test.artifacts_written] 测速明细已写入 output/log/speed_test.log，有效结果已写入 output/log/result.log
2026-09-04T08:02:24+00:00 INFO    [run=44c5b804ae77435a8187784f6f6952fd phase=speed_test event=progress.finished] 测速  6067/6067  有效 132  失败 4948
2026-09-04T08:02:24+00:00 INFO    [run=44c5b804ae77435a8187784f6f6952fd phase=output event=output.written] 结果文件生成完成：更新 3 个文件
2026-09-04T08:02:25+00:00 INFO    [run=44c5b804ae77435a8187784f6f6952fd phase=statistics event=statistics.finished] 频道统计完成：测试 5080，有效 132
2026-09-04T08:02:25+00:00 INFO    [run=44c5b804ae77435a8187784f6f6952fd phase=complete event=run.summary] 更新摘要
2026-09-04T08:02:25+00:00 INFO    [run=44c5b804ae77435a8187784f6f6952fd phase=complete event=run.finished] 更新完成！总耗时：47:50
